// Vitest Snapshot v1, https://vitest.dev/guide/snapshot.html

exports[`getPlantSummaryResults — ro-single-system-wwt: Intake → RO → [System, WWT → Discharge] > matches snapshot for sysA wasteTreatment (documents known double-attribution on WWT reject path) 1`] = `180`;

exports[`getPlantSummaryResults — wwt-two-upstream-with-reuse: [SysA, SysB] → WWT → [SysC, Discharge] > documents current sysB WWT attribution — snapshots known algorithm limitation 1`] = `-24`;
